// Jest Snapshot v1, https://goo.gl/fbAQLP

exports[`Category List renders correctly 1`] = `
<section
  className="section"
>
  <label
    htmlFor="pet-select"
  >
    Choose a Category
  </label>
  <select
    id="pet-select"
    onChange={[Function]}
    value={1}
  >
    <option
      value={343}
    >
      bob
    </option>
  </select>
</section>
`;

exports[`Question Engine Renders Correctly 1`] = `
Array [
  <section
    className="section"
  >
    <p
      className="is-size-2"
    >
       Quiz Pro 
    </p>
    <p>
       Create a quiz to read aloud to your friends or family 
    </p>
  </section>,
  <section
    className="section"
  >
    <label
      htmlFor="pet-select"
    >
      Choose a Category
    </label>
    <select
      id="pet-select"
      onChange={[Function]}
      value={1}
    >
      <option
        value={1}
      >
        sport
      </option>
    </select>
  </section>,
  <div
    className="column"
  >
    <span>
      <section
        className="questionCard"
      >
        <div
          className="card"
          style={
            Object {
              "border": "2px solid blue",
            }
          }
        >
          <div
            className="card-content"
          >
            <div
              className="content"
            >
              <p>
                 
                1
                . 
                In the Super Mario Bros. Series, what is Yoshi's scientific name?
                 
              </p>
              <ul>
                <li
                  onClick={[Function]}
                >
                   
                  A
                   
                  <em
                    className="has-text-weight-bold"
                  >
                     
                    T. Yoshisaur Munchakoopas
                     
                  </em>
                   
                </li>
                <li
                  onClick={[Function]}
                >
                   
                  B
                   
                  Yoshi
                   
                </li>
                <li
                  onClick={[Function]}
                >
                   
                  C
                   
                  T. Yoshisotop Munchakoopas
                   
                </li>
                <li
                  onClick={[Function]}
                >
                   
                  D
                   
                  Yossy
                   
                </li>
                <li
                  onClick={[Function]}
                >
                   
                  E
                   
                  Anne Boleyn
                   
                </li>
              </ul>
            </div>
          </div>
        </div>
      </section>
      <section
        className="questionCard"
      >
        <div
          className="card"
          style={
            Object {
              "border": "2px solid blue",
            }
          }
        >
          <div
            className="card-content"
          >
            <div
              className="content"
            >
              <p>
                 
                2
                . 
                Which of his six wives was Henry VIII married to the longest?
                 
              </p>
              <ul>
                <li
                  onClick={[Function]}
                >
                   
                  A
                   
                  <em
                    className="has-text-weight-bold"
                  >
                     
                    Catherine of Aragon
                     
                  </em>
                   
                </li>
                <li
                  onClick={[Function]}
                >
                   
                  B
                   
                  Jane Seymour
                   
                </li>
                <li
                  onClick={[Function]}
                >
                   
                  C
                   
                  Anne Boleyn
                   
                </li>
                <li
                  onClick={[Function]}
                >
                   
                  D
                   
                  Catherin Parr
                   
                </li>
              </ul>
            </div>
          </div>
        </div>
      </section>
       
    </span>
  </div>,
]
`;

exports[`renders correctly 1`] = `
<div
  className="App"
>
  <section
    className="section"
  >
    <p
      className="is-size-2"
    >
       Quiz Pro 
    </p>
    <p>
       Create a quiz to read aloud to your friends or family 
    </p>
  </section>
  <div
    className="column"
  >
    <span>
       
    </span>
  </div>
</div>
`;
