// Jest Snapshot v1, https://goo.gl/fbAQLP

exports[`Category List renders correctly 1`] = `
<section
  className="section"
>
  <label
    htmlFor="pet-select"
  >
    Choose a Category
  </label>
  <select
    id="pet-select"
    onChange={[Function]}
    value={1}
  >
    <option
      value={343}
    >
      bob
    </option>
  </select>
</section>
`;

exports[`Question Engine Renders Correctly 1`] = `
Array [
  <section
    className="section"
  >
    <p
      className="is-size-2"
    >
       Quiz Pro 
    </p>
  </section>,
  <section
    className="section"
  >
    <label
      htmlFor="pet-select"
    >
      Choose a Category
    </label>
    <select
      id="pet-select"
      onChange={[Function]}
      value={1}
    >
      <option
        value={1}
      >
        sport
      </option>
    </select>
  </section>,
  <div
    className="columns"
  >
    <div
      className="column is-four-fifths-mobile is-four-fifths-tablet is-half-desktop is-one-third-widescreen is-one-quarter-fullhd"
    >
      <span>
        <section
          className="section"
        >
          <div
            className="card"
          >
            <div
              className="card-content"
            >
              <div
                className="content"
              >
                <p>
                   
                  1
                  . 
                  In the Super Mario Bros. Series, what is Yoshi's scientific name?
                   
                </p>
                <ul>
                  <li>
                     
                    A
                     
                    <em>
                       
                      T. Yoshisaur Munchakoopas
                       
                    </em>
                     
                  </li>
                  <li>
                     
                    B
                     
                    Yoshi
                     
                  </li>
                  <li>
                     
                    C
                     
                    T. Yoshisotop Munchakoopas
                     
                  </li>
                  <li>
                     
                    D
                     
                    Yossy
                     
                  </li>
                  <li>
                     
                    E
                     
                    Anne Boleyn
                     
                  </li>
                </ul>
              </div>
            </div>
          </div>
        </section>
        <section
          className="section"
        >
          <div
            className="card"
          >
            <div
              className="card-content"
            >
              <div
                className="content"
              >
                <p>
                   
                  2
                  . 
                  Which of his six wives was Henry VIII married to the longest?
                   
                </p>
                <ul>
                  <li>
                     
                    A
                     
                    <em>
                       
                      Catherine of Aragon
                       
                    </em>
                     
                  </li>
                  <li>
                     
                    B
                     
                    Jane Seymour
                     
                  </li>
                  <li>
                     
                    C
                     
                    Anne Boleyn
                     
                  </li>
                  <li>
                     
                    D
                     
                    Catherin Parr
                     
                  </li>
                </ul>
              </div>
            </div>
          </div>
        </section>
         
      </span>
    </div>
  </div>,
]
`;

exports[`renders correctly 1`] = `
<div
  className="App"
>
  <section
    className="section"
  >
    <p
      className="is-size-2"
    >
       Quiz Pro 
    </p>
  </section>
  <div
    className="columns"
  >
    <div
      className="column is-four-fifths-mobile is-four-fifths-tablet is-half-desktop is-one-third-widescreen is-one-quarter-fullhd"
    >
      <span>
         
      </span>
    </div>
  </div>
</div>
`;
